{"Status":"Failed","Results":[{"JobId":"exitWithoutOpeningOutput","Status":"Aborted","Start":null,"End":null,"ExitCode":123,"Message":""},{"JobId":"wc","Status":"Aborted","Start":null,"End":null,"ExitCode":-1,"Message":""}],"Start":null,"End":null}